=== cvbench: loading ===
=== cvbench: 300 rows, running with 4 workers ===
  cvbench: 100/300
  cvbench: 200/300
  cvbench: 300/300
=== mmvp: loading ===
=== mmvp: 300 rows, running with 4 workers ===
  mmvp: 100/300
  mmvp: 200/300
  mmvp: 300/300
=== realworldqa: loading ===
=== realworldqa: 300 rows, running with 4 workers ===
  realworldqa: 100/300
  realworldqa: 200/300
  realworldqa: 300/300
=== ocrbench: loading ===
=== ocrbench: 300 rows, running with 4 workers ===
  ocrbench: 100/300
  ocrbench: 200/300
  ocrbench: 300/300
Traceback (most recent call last):
  File "<home>/glm53-flash-nvfp4/scripts/vision_bench_glm53.py", line 413, in <module>
    raise SystemExit(main())
                     ^^^^^^
  File "<home>/glm53-flash-nvfp4/scripts/vision_bench_glm53.py", line 397, in main
    "runner_sha256": sha256((HERE / "run_vision.py").read_bytes()),
                            ^^^^^^^^^^^^^^^^^^^^^^^^^^^^^^^^^^^^^
  File "/usr/lib/python3.12/pathlib.py", line 1021, in read_bytes
    with self.open(mode='rb') as f:
         ^^^^^^^^^^^^^^^^^^^^
  File "/usr/lib/python3.12/pathlib.py", line 1015, in open
    return io.open(self, mode, buffering, encoding, errors, newline)
           ^^^^^^^^^^^^^^^^^^^^^^^^^^^^^^^^^^^^^^^^^^^^^^^^^^^^^^^^^
FileNotFoundError: [Errno 2] No such file or directory: '<home>/glm53-flash-nvfp4/scripts/run_vision.py'
rc=1
